[asym:@dit_asym_us_avg]
asym:dit_asym_usl,0.5
asym:dit_asym_usr,0.5

[asym:@dit_asym_us_dd]
asym:dit_asym_usl,0.5
asym:dit_asym_usr,-0.5

[asym:@dit_asym_ds_avg]
asym:dit_asym_dsl,0.5
asym:dit_asym_dsr,0.5

[asym:@dit_asym_ds_dd]
asym:dit_asym_dsl,0.5
asym:dit_asym_dsr,-0.5

[asym:@dit_asym_left_dd]
asym:dit_asym_usl,0.5
asym:dit_asym_dsl,-0.5

[asym:@dit_asym_right_dd]
asym:dit_asym_usr,0.5
asym:dit_asym_dsr,-0.5

[asym:@dit_asym_left_avg]
asym:dit_asym_usl,0.5
asym:dit_asym_dsl,0.5

[asym:@dit_asym_right_avg]
asym:dit_asym_usr,0.5
asym:dit_asym_dsr,0.5

############################## Combo ATs

[asym:@dit_asym_atl_avg]
asym:dit_asym_atl1, 0.5
asym:dit_asym_atl2, 0.5
[asym:@dit_asym_atl_dd]
asym:dit_asym_atl1, 0.5
asym:dit_asym_atl2, -0.5
[asym:@dit_asym_atr_avg]
asym:dit_asym_atr1, 0.5
asym:dit_asym_atr2, 0.5
[asym:@dit_asym_atr_dd]
asym:dit_asym_atr1, 0.5
asym:dit_asym_atr2, -0.5
[asym:@dit_asym_atl1r2_avg]
asym:dit_asym_atl1, 0.5
asym:dit_asym_atr2, 0.5
[asym:@dit_asym_atl1r2_dd]
asym:dit_asym_atl1, 0.5
asym:dit_asym_atr2, -0.5
[asym:@dit_asym_atr1l2_avg]
asym:dit_asym_atr1, 0.5
asym:dit_asym_atl2, 0.5
[asym:@dit_asym_atr1l2_dd]
asym:dit_asym_atr1, 0.5
asym:dit_asym_atl2, -0.5
[asym:@dit_asym_at1_avg]
asym:dit_asym_atl1, 0.5
asym:dit_asym_atr1, 0.5
[asym:@dit_asym_at1_dd]
asym:dit_asym_atl1, 0.5
asym:dit_asym_atr1, -0.5
[asym:@dit_asym_at2_avg]
asym:dit_asym_atr2, 0.5
asym:dit_asym_atl2, 0.5
[asym:@dit_asym_at2_dd]
asym:dit_asym_atr2, 0.5
asym:dit_asym_atl2, -0.5
[asym:@dit_asym_atl_dd_atr_dd_avg]
asym:dit_asym_atl1, 0.25
asym:dit_asym_atl2, -0.25
asym:dit_asym_atr1, 0.25
asym:dit_asym_atr2, -0.25
[asym:@dit_asym_atl_dd_atr_dd_dd]
asym:dit_asym_atl1, 0.25
asym:dit_asym_atl2, -0.25
asym:dit_asym_atr1, -0.25
asym:dit_asym_atr2, 0.25
