# This is an example of a detector definition file.

[LRBCorrector]
  name       = LinRegBlue Corrector
  priority   = 10
  map        = prex_corrolator.conf
  slope-file-base = blueR
  slope-file-suff = new.slope.root
  slope-path = ./LRBoutput/
  tree-name  = mulc_lrb
  tree-comment = Helicity event data tree (corrected by LinRegBlue)

[QwCorrelator]
  name       = lrb_std
  priority   = 50
  map        = prex_corrolator.conf
  slope-file-base = blueR
  slope-file-suff = new.slope.root
  slope-path = ./LRBoutput/
  alias-file-base = regalias_
  alias-file-suff = 
  alias-path = ./LRBoutput/
  tree-name  = lrb_std
  tree-comment = Correlations

[QwExtractor]
  name       = bmw
  priority   = 50
  map        = prex_bmw.conf
  tree-name  = bmw
  tree-comment = Beam modulation

#[QwCorrelator]
#  name       = lrb_all
#  priority   = 50
#  map        = prex_corrolator_all.conf
#  slope-file-base = blueR
#  slope-file-suff = all.slope.root
#  slope-path = ./LRBoutput/
#  alias-file-base = regalias_
#  alias-file-suff = all
#  alias-path = ./LRBoutput/
#  tree-name  = lrb_all
#  tree-comment = Correlations (all variables)

[QwCombiner]
  name       = MyCombiner
  priority   = 0
  map        = prex_combiner.map
  tree-name  = mulc
  tree-comment = Helicity event data tree (corrected)
