# This is an example of a detector definition file.
[QwCombiner]
  name       = MyCombiner
  priority   = 0
  map        = prex_combiner.map
  tree-name  = mulc
  tree-comment = Helicity event data tree (corrected)

[QwCombiner]
  name       = BModCombiner
  priority   = 0
  map        = prex_combiner_dit.map
  tree-name  = mulc_dit
  tree-comment = Helicity event data tree (BMod corrected)

[QwCombiner]
  name       = BModCombiner for combos
  priority   = 0
  map        = prex_combiner_dit_combo.map
  tree-name  = mulc_dit_combo
  tree-comment = Helicity event data tree (BMod corrected)

## ---- run-level correctors ---- 

[LRBCorrector]
  name       = LinRegBlue Corrector (run-level slopes)
  priority   = 10
  map        = prex_corrolator.conf
  slope-file-base = blueR
  slope-file-suff = new.slope.root
  slope-path = ./LRBoutput/
  tree-name  = mulc_lrb
  tree-comment = Helicity event data tree (corrected by LinRegBlue)

[LRBCorrector]
  name       = LinRegBlue AllDet Corrector (run-level slopes)
  priority   = 10
  map        = prex_corrolator_alldet.conf
  slope-file-base = blueR
  slope-file-suff = alldet.slope.root
  slope-path = ./LRBoutput/
  tree-name  = mulc_lrb_alldet
  tree-comment = Helicity event data tree (corrected by LinRegBlue)

[LRBCorrector]
  name       = LinRegBlue Overloaded Corrector (run-level slopes)
  priority   = 10
  map        = prex_corrolator_all.conf
  slope-file-base = blueR
  slope-file-suff = all.slope.root
  slope-path = ./LRBoutput/
  tree-name  = mulc_lrb_all
  tree-comment = Helicity event data tree (corrected by LinRegBlue)

## ---- burst-level correctors ---- 

[LRBCorrector]
  name       = LinRegBlue Corrector (burst-level slopes)
  priority   = 10
  map        = prex_corrolator.conf
  slope-file-base = burst_blueR
  slope-file-suff = new.slope.root
  slope-path = ./LRBoutput/
  tree-name  = mulc_lrb_burst
  tree-comment = Helicity event data tree (corrected by LinRegBlue)

[LRBCorrector]
  name       = LinRegBlue AllDet Corrector (burst-level slopes)
  priority   = 10
  map        = prex_corrolator_alldet.conf
  slope-file-base = burst_blueR
  slope-file-suff = alldet.slope.root
  slope-path = ./LRBoutput/
  tree-name  = mulc_lrb_alldet_burst
  tree-comment = Helicity event data tree (corrected by LinRegBlue)

[LRBCorrector]
  name       = LinRegBlue Overloaded Corrector (burst-level slopes)
  priority   = 10
  map        = prex_corrolator_all.conf
  slope-file-base = burst_blueR
  slope-file-suff = all.slope.root
  slope-path = ./LRBoutput/
  tree-name  = mulc_lrb_all_burst
  tree-comment = Helicity event data tree (corrected by LinRegBlue)

[QwCorrelator]
  name       = lrb_std
  priority   = 50
  map        = prex_corrolator.conf
  slope-file-base = blueR
  slope-file-suff = new.slope.root
  slope-path = ./LRBoutput/
  alias-file-base = regalias_
  alias-file-suff = 
  alias-path = ./LRBoutput/
  disable-histos = true
  tree-name  = lrb_std
  tree-comment = Correlations

[QwCorrelator]
  name       = AllDetCorrelator
  priority   = 50
  map        = prex_corrolator_alldet.conf
  slope-file-base = blueR
  slope-file-suff = alldet.slope.root
  slope-path = ./LRBoutput/
  alias-file-base = regalias_
  alias-file-suff = alldet
  alias-path = ./LRBoutput/
  disable-histos = true
  tree-name  = lrb_alldet
  tree-comment = Correlations (All detector channels)

[QwCorrelator]
  name       = lrb_std_block0
  priority   = 50
  map        = prex_corrolator.conf
  slope-file-base = blueR
  slope-file-suff = .block0.new.slope.root
  slope-path = ./LRBoutput/
  alias-file-base = regalias_
  alias-file-suff = _block0
  alias-path = ./LRBoutput/
  block = 0
  disable-histos = true
  tree-name  = lrb_std_block0
  tree-comment = Correlations (block0)

[QwCorrelator]
  name       = lrb_std_block1
  priority   = 50
  map        = prex_corrolator.conf
  slope-file-base = blueR
  slope-file-suff = .block1.new.slope.root
  slope-path = ./LRBoutput/
  alias-file-base = regalias_
  alias-file-suff = _block1
  alias-path = ./LRBoutput/
  block = 1
  disable-histos = true
  tree-name  = lrb_std_block1
  tree-comment = Correlations (block1)

[QwCorrelator]
  name       = lrb_std_block2
  priority   = 50
  map        = prex_corrolator.conf
  slope-file-base = blueR
  slope-file-suff = .block2.new.slope.root
  slope-path = ./LRBoutput/
  alias-file-base = regalias_
  alias-file-suff = _block2
  alias-path = ./LRBoutput/
  block = 2
  disable-histos = true
  tree-name  = lrb_std_block2
  tree-comment = Correlations (block2)

[QwCorrelator]
  name       = lrb_std_block3
  priority   = 50
  map        = prex_corrolator.conf
  slope-file-base = blueR
  slope-file-suff = .block3.new.slope.root
  slope-path = ./LRBoutput/
  alias-file-base = regalias_
  alias-file-suff = _block3
  alias-path = ./LRBoutput/
  block = 3
  disable-histos = true
  tree-name  = lrb_std_block3
  tree-comment = Correlations (block3)

[QwCorrelator]
  name       = MyMassiveCorrelator
  priority   = 50
  map        = prex_corrolator_all.conf
  slope-file-base = blueR
  slope-file-suff = all.slope.root
  slope-path = ./LRBoutput/ 
  alias-file-base = regalias_
  alias-file-suff = all
  alias-path = ./LRBoutput/
  disable-histos = true
  tree-name  = lrb_all
  tree-comment = Correlations (all variables)

