
ROC=23
Bank=0x05
vqwk_buffer_offset = 1
!same sample size for ADCs in a given bank
sample_size=4096
!Sample size should be unchanged - ask Paul King
!
! module.type, module.num  chan.num, det.type, det.name, if unrotated then last column ->UNROTATED


!ADC0
    VQWK, 0, 0,  bpmstripline,  BPM1xp
    VQWK, 0, 1,  bpmstripline,  BPM1xm
    VQWK, 0, 2,  bcm,  BCM_AN_US
    VQWK, 0, 3,  bcm,  BCM_AN_DS
    VQWK, 0, 4,  bcm,  BCM_AN_DS3
    VQWK, 0, 5,  bcm,  BCM_AN_DS10
    VQWK, 0, 6,  bcm,  BCM_DG_US
    VQWK, 0, 7,  bcm,  BCM_DG_DS

!ADC1
    VQWK, 1, 0,  bpmstripline,  BPM4Exp
    VQWK, 1, 1,  bpmstripline,  BPM4Exm
    VQWK, 1, 2,  bpmstripline,  BPM4Eyp
    VQWK, 1, 3,  bpmstripline,  BPM4Eym
    VQWK, 1, 4,  bpmstripline,  BPM12xp
    VQWK, 1, 5,  bpmstripline,  BPM12xm
    VQWK, 1, 6,  bpmstripline,  BPM12yp
    VQWK, 1, 7,  bpmstripline,  BPM12ym

!ADC2
    VQWK, 2, 0,  bpmstripline,  BPM14xp
    VQWK, 2, 1,  bpmstripline,  BPM14xm
    VQWK, 2, 2,  bpmstripline,  BPM14yp
    VQWK, 2, 3,  bpmstripline,  BPM14ym
    VQWK, 2, 4,  bpmstripline,  BPM4Axp
    VQWK, 2, 5,  bpmstripline,  BPM4Axm
    VQWK, 2, 6,  bpmstripline,  BPM4Ayp
    VQWK, 2, 7,  bcm, qwk_2_7

!ADC3
    VQWK, 3, 0,  bcm,  CAV4BX
    VQWK, 3, 1,  bcm,  CAV4BY
    VQWK, 3, 2,  bcm,  CAV4BQ
    VQWK, 3, 3,  bcm,  CAV4CX
    VQWK, 3, 4,  bcm,  CAV4CY
    VQWK, 3, 5,  bcm,  CAV4CQ
    VQWK, 3, 6,  bpmstripline,  BPM1yp 
    VQWK, 3, 7,  bcm,  UNSER

!ADC4
    VQWK, 4, 0,  bcm,  CAV4DX
    VQWK, 4, 1,  bcm,  CAV4DY
    VQWK, 4, 2,  bcm,  CAV4DQ
    VQWK, 4, 3,  bpmstripline, BPM1ym ! Spread out, should move later
    VQWK, 4, 4,  bpmstripline,  BPM8xm
    VQWK, 4, 5,  bpmstripline,  BPM8xp
    VQWK, 4, 6,  bpmstripline,  BPM8yp
    VQWK, 4, 7,  bpmstripline,  BPM8ym

!ADC5
    VQWK, 5, 0,  bcm,  bpm_trigger 
    VQWK, 5, 1,  bcm,  beam_sync_60Hz
    VQWK, 5, 2,  bcm,  ch_battery_1
    VQWK, 5, 3,  bcm,  QWK_5_3 
    VQWK, 5, 4,  bcm,  QWK_5_4 
    VQWK, 5, 5,  bcm,  QWK_5_5 
    VQWK, 5, 6,  bcm,  QWK_5_6 
    VQWK, 5, 7,  bpmstripline,  BPM4Aym

[PUBLISH]
! new.tree.variable.name, analysis.class, old.tree.variable.name, element.to.store
  q_targ, bcm, bcm_an_ds3, c
