[asym:@dit_asym_usl]
asym:usl,1.0
diff:bpm4aX,-38.6173e-3
diff:bpm4eX,68.7173e-3
diff:bpm4aY,3.41916e-3
diff:bpm4eY,-19.8158e-3
diff:diff_bpmE,37.52e-3

[asym:@dit_asym_usr]
asym:usr,1.0
diff:bpm4aX,12.115e-3
diff:bpm4eX,-17.0056e-3
diff:bpm4aY,1.64942e-3
diff:bpm4eY,2.70333e-3
diff:diff_bpmE,4.67924e-3

[asym:@dit_asym_dsl]
asym:dsl,1.0
diff:bpm4aX,-39.4038e-3
diff:bpm4eX,72.027e-3
diff:bpm4aY,3.01832e-3
diff:bpm4eY,-17.8809e-3
diff:diff_bpmE,35.4193e-3

[asym:@dit_asym_dsr]
asym:dsr,1.0
diff:bpm4aX,-0e-3
diff:bpm4eX,-0e-3
diff:bpm4aY,-0e-3
diff:bpm4eY,-0e-3
diff:diff_bpmE,-0e-3

[asym:@dit_asym_atl1]
asym:atl1,1.0
diff:bpm4aX,-0e-3
diff:bpm4eX,-0e-3
diff:bpm4aY,-0e-3
diff:bpm4eY,-0e-3
diff:diff_bpmE,-0e-3

[asym:@dit_asym_atl2]
asym:atl2,1.0
diff:bpm4aX,-0e-3
diff:bpm4eX,-0e-3
diff:bpm4aY,-0e-3
diff:bpm4eY,-0e-3
diff:diff_bpmE,-0e-3

[asym:@dit_asym_atr1]
asym:atr1,1.0
diff:bpm4aX,-0e-3
diff:bpm4eX,-0e-3
diff:bpm4aY,-0e-3
diff:bpm4eY,-0e-3
diff:diff_bpmE,-0e-3

[asym:@dit_asym_atr2]
asym:atr2,1.0
diff:bpm4aX,-0e-3
diff:bpm4eX,-0e-3
diff:bpm4aY,-0e-3
diff:bpm4eY,-0e-3
diff:diff_bpmE,-0e-3

